25-04-30 12:03:04.052 [main] INFO  c.l.c.CsvToDbTableApplication - Starting CsvToDbTableApplication using Java 21.0.4 with PID 24420 (C:\Users\AniruddhaJoshi\IdeaProjects\csvToDBTable\target\classes started by AniruddhaJoshi in C:\Users\AniruddhaJoshi\IdeaProjects\csvToDBTable) 
25-04-30 12:03:04.066 [main] INFO  c.l.c.CsvToDbTableApplication - No active profile set, falling back to 1 default profile: "default" 
25-04-30 12:03:05.441 [main] INFO  o.s.d.r.c.RepositoryConfigurationDelegate - Bootstrapping Spring Data JPA repositories in DEFAULT mode. 
25-04-30 12:03:05.546 [main] INFO  o.s.d.r.c.RepositoryConfigurationDelegate - Finished Spring Data repository scanning in 88 ms. Found 1 JPA repository interface. 
25-04-30 12:03:06.432 [main] INFO  o.s.b.w.e.tomcat.TomcatWebServer - Tomcat initialized with port 8080 (http) 
25-04-30 12:03:06.454 [main] INFO  o.a.coyote.http11.Http11NioProtocol - Initializing ProtocolHandler ["http-nio-8080"] 
25-04-30 12:03:06.459 [main] INFO  o.a.catalina.core.StandardService - Starting service [Tomcat] 
25-04-30 12:03:06.459 [main] INFO  o.a.catalina.core.StandardEngine - Starting Servlet engine: [Apache Tomcat/10.1.39] 
25-04-30 12:03:06.597 [main] INFO  o.a.c.c.C.[Tomcat].[localhost].[/] - Initializing Spring embedded WebApplicationContext 
25-04-30 12:03:06.598 [main] INFO  o.s.b.w.s.c.ServletWebServerApplicationContext - Root WebApplicationContext: initialization completed in 2425 ms 
25-04-30 12:03:07.136 [main] INFO  o.h.jpa.internal.util.LogHelper - HHH000204: Processing PersistenceUnitInfo [name: default] 
25-04-30 12:03:07.319 [main] INFO  org.hibernate.Version - HHH000412: Hibernate ORM core version 6.6.11.Final 
25-04-30 12:03:07.400 [main] INFO  o.h.c.i.RegionFactoryInitiator - HHH000026: Second-level cache disabled 
25-04-30 12:03:08.187 [main] INFO  o.s.o.j.p.SpringPersistenceUnitInfo - No LoadTimeWeaver setup: ignoring JPA class transformer 
25-04-30 12:03:08.262 [main] INFO  com.zaxxer.hikari.HikariDataSource - HikariPool-1 - Starting... 
25-04-30 12:03:08.781 [main] INFO  com.zaxxer.hikari.pool.HikariPool - HikariPool-1 - Added connection org.postgresql.jdbc.PgConnection@4571cebe 
25-04-30 12:03:08.784 [main] INFO  com.zaxxer.hikari.HikariDataSource - HikariPool-1 - Start completed. 
25-04-30 12:03:08.872 [main] WARN  org.hibernate.orm.deprecation - HHH90000025: PostgreSQLDialect does not need to be specified explicitly using 'hibernate.dialect' (remove the property setting and it will be selected by default) 
25-04-30 12:03:08.927 [main] INFO  o.hibernate.orm.connections.pooling - HHH10001005: Database info:
	Database JDBC URL [Connecting through datasource 'HikariDataSource (HikariPool-1)']
	Database driver: undefined/unknown
	Database version: 17.4
	Autocommit mode: undefined/unknown
	Isolation level: undefined/unknown
	Minimum pool size: undefined/unknown
	Maximum pool size: undefined/unknown 
25-04-30 12:03:11.084 [main] INFO  o.h.e.t.j.p.i.JtaPlatformInitiator - HHH000489: No JTA platform available (set 'hibernate.transaction.jta.platform' to enable JTA platform integration) 
25-04-30 12:03:11.407 [main] INFO  o.s.o.j.LocalContainerEntityManagerFactoryBean - Initialized JPA EntityManagerFactory for persistence unit 'default' 
25-04-30 12:03:12.108 [main] WARN  o.s.b.a.o.j.JpaBaseConfiguration$JpaWebConfiguration - spring.jpa.open-in-view is enabled by default. Therefore, database queries may be performed during view rendering. Explicitly configure spring.jpa.open-in-view to disable this warning 
25-04-30 12:03:13.028 [main] INFO  o.a.coyote.http11.Http11NioProtocol - Starting ProtocolHandler ["http-nio-8080"] 
25-04-30 12:03:13.086 [main] INFO  o.s.b.w.e.tomcat.TomcatWebServer - Tomcat started on port 8080 (http) with context path '/' 
25-04-30 12:03:13.109 [main] INFO  c.l.c.CsvToDbTableApplication - Started CsvToDbTableApplication in 10.591 seconds (process running for 11.355) 
